// Jest Snapshot v1, https://goo.gl/fbAQLP

exports[`index has proper styling 1`] = `
.emotion-2 {
  display: -webkit-box;
  display: -webkit-flex;
  display: -ms-flexbox;
  display: flex;
  -webkit-flex-flow: row nowrap;
  -ms-flex-flow: row nowrap;
  flex-flow: row nowrap;
  -webkit-box-pack: center;
  -webkit-justify-content: center;
  -ms-flex-pack: center;
  justify-content: center;
  -webkit-align-items: center;
  -webkit-box-align: center;
  -ms-flex-align: center;
  align-items: center;
  height: 100vh;
  width: 100vw;
}

.emotion-0 {
  display: -webkit-box;
  display: -webkit-flex;
  display: -ms-flexbox;
  display: flex;
  -webkit-flex-flow: column nowrap;
  -ms-flex-flow: column nowrap;
  flex-flow: column nowrap;
  -webkit-align-items: flex-start;
  -webkit-box-align: flex-start;
  -ms-flex-align: flex-start;
  align-items: flex-start;
  -webkit-box-pack: center;
  -webkit-justify-content: center;
  -ms-flex-pack: center;
  justify-content: center;
  width: 100%;
  opacity: 1;
  -webkit-transition: opacity 1s ease-in-out 0s;
  transition: opacity 1s ease-in-out 0s;
}

<div>
  <div
    class="emotion-2 emotion-3"
  >
    <div
      css="[object Object]"
    >
      <div
        class="emotion-0 emotion-1"
        opacity="1"
      >
        <button
          class="ui black basic button"
        >
          Add assignment...
        </button>
        <button
          class="ui black basic button"
        >
          Add team member...
        </button>
      </div>
    </div>
  </div>
</div>
`;
